2025-10-18 08:41:51,282 INFO o.a.j.u.JMeterUtils: Setting Locale to en_EN
2025-10-18 08:41:52,409 INFO o.a.j.JMeter: Loading user properties from: user.properties
2025-10-18 08:41:52,520 INFO o.a.j.JMeter: Loading system properties from: system.properties
2025-10-18 08:41:52,526 INFO o.a.j.JMeter: Copyright (c) 1998-2024 The Apache Software Foundation
2025-10-18 08:41:52,526 INFO o.a.j.JMeter: Version 5.6.3
2025-10-18 08:41:52,526 INFO o.a.j.JMeter: java.version=17.0.7
2025-10-18 08:41:52,526 INFO o.a.j.JMeter: java.vm.name=OpenJDK 64-Bit Server VM
2025-10-18 08:41:52,526 INFO o.a.j.JMeter: os.name=Windows 11
2025-10-18 08:41:52,526 INFO o.a.j.JMeter: os.arch=amd64
2025-10-18 08:41:52,526 INFO o.a.j.JMeter: os.version=10.0
2025-10-18 08:41:52,526 INFO o.a.j.JMeter: file.encoding=GBK
2025-10-18 08:41:52,526 INFO o.a.j.JMeter: java.awt.headless=null
2025-10-18 08:41:52,526 INFO o.a.j.JMeter: Max memory     =1073741824
2025-10-18 08:41:52,526 INFO o.a.j.JMeter: Available Processors =12
2025-10-18 08:41:52,535 INFO o.a.j.JMeter: Default Locale=English (EN)
2025-10-18 08:41:52,536 INFO o.a.j.JMeter: JMeter  Locale=English (EN)
2025-10-18 08:41:52,536 INFO o.a.j.JMeter: JMeterHome=D:\Acode\Android\complete\AA项目归档\作业-计算机\软件性能测试\apache-jmeter-5.6.3
2025-10-18 08:41:52,536 INFO o.a.j.JMeter: user.dir  =D:\Acode\Android\complete\AA项目归档\作业-计算机\软件性能测试\apache-jmeter-5.6.3\bin
2025-10-18 08:41:52,536 INFO o.a.j.JMeter: PWD       =D:\Acode\Android\complete\AA项目归档\作业-计算机\软件性能测试\apache-jmeter-5.6.3\bin
2025-10-18 08:41:52,537 INFO o.a.j.JMeter: IP: 198.18.0.1 Name: WIN-MAB9DRR1MTC FullName: WIN-MAB9DRR1MTC
2025-10-18 08:41:52,832 INFO o.a.j.JMeter: Loaded icon properties from org/apache/jmeter/images/icon.properties
2025-10-18 08:41:55,745 INFO o.a.j.JMeterGuiLauncher: Setting LAF to: com.github.weisj.darklaf.DarkLaf:com.github.weisj.darklaf.theme.DarculaTheme
2025-10-18 08:45:42,047 INFO o.a.j.p.h.s.HTTPSamplerBase: Parser for text/html is org.apache.jmeter.protocol.http.parser.LagartoBasedHtmlParser
2025-10-18 08:45:42,048 INFO o.a.j.p.h.s.HTTPSamplerBase: Parser for application/xhtml+xml is org.apache.jmeter.protocol.http.parser.LagartoBasedHtmlParser
2025-10-18 08:45:42,048 INFO o.a.j.p.h.s.HTTPSamplerBase: Parser for application/xml is org.apache.jmeter.protocol.http.parser.LagartoBasedHtmlParser
2025-10-18 08:45:42,048 INFO o.a.j.p.h.s.HTTPSamplerBase: Parser for text/xml is org.apache.jmeter.protocol.http.parser.LagartoBasedHtmlParser
2025-10-18 08:45:42,048 INFO o.a.j.p.h.s.HTTPSamplerBase: Parser for text/vnd.wap.wml is org.apache.jmeter.protocol.http.parser.RegexpHTMLParser
2025-10-18 08:45:42,048 INFO o.a.j.p.h.s.HTTPSamplerBase: Parser for text/css is org.apache.jmeter.protocol.http.parser.CssParser
2025-10-18 08:49:51,919 INFO o.a.j.e.StandardJMeterEngine: Running the test!
2025-10-18 08:49:51,919 INFO o.a.j.s.SampleEvent: List of sample_variables: []
2025-10-18 08:49:51,919 INFO o.a.j.s.SampleEvent: List of sample_variables: []
2025-10-18 08:49:51,920 INFO o.a.j.e.u.CompoundVariable: Note: Function class names must contain the string: '.functions.'
2025-10-18 08:49:51,920 INFO o.a.j.e.u.CompoundVariable: Note: Function class names must not contain the string: '.gui.'
2025-10-18 08:49:52,047 INFO o.a.j.g.u.JMeterMenuBar: setRunning(true, *local*)
2025-10-18 08:49:52,074 INFO o.a.j.e.StandardJMeterEngine: Starting ThreadGroup: 1 : Thread Group
2025-10-18 08:49:52,075 INFO o.a.j.e.StandardJMeterEngine: Starting 10 threads for group Thread Group.
2025-10-18 08:49:52,075 INFO o.a.j.e.StandardJMeterEngine: Thread will continue on error
2025-10-18 08:49:52,075 INFO o.a.j.t.ThreadGroup: Starting thread group... number=1 threads=10 ramp-up=5 delayedStart=false
2025-10-18 08:49:52,078 INFO o.a.j.t.JMeterThread: Thread started: Thread Group 1-1
2025-10-18 08:49:52,080 INFO o.a.j.t.ThreadGroup: Started thread group number 1
2025-10-18 08:49:52,080 INFO o.a.j.e.StandardJMeterEngine: All thread groups have been started
2025-10-18 08:49:52,133 INFO o.a.j.p.h.s.HTTPHCAbstractImpl: Local host = WIN-MAB9DRR1MTC
2025-10-18 08:49:52,144 INFO o.a.j.p.h.s.HTTPHC4Impl: HTTP request retry count = 0
2025-10-18 08:49:52,145 INFO o.a.j.s.SampleResult: Note: Sample TimeStamps are START times
2025-10-18 08:49:52,145 INFO o.a.j.s.SampleResult: sampleresult.default.encoding is set to UTF-8
2025-10-18 08:49:52,145 INFO o.a.j.s.SampleResult: sampleresult.useNanoTime=true
2025-10-18 08:49:52,145 INFO o.a.j.s.SampleResult: sampleresult.nanoThreadSleep=5000
2025-10-18 08:49:52,567 INFO o.a.j.t.JMeterThread: Thread is done: Thread Group 1-1
2025-10-18 08:49:52,567 INFO o.a.j.t.JMeterThread: Thread finished: Thread Group 1-1
2025-10-18 08:49:52,577 INFO o.a.j.t.JMeterThread: Thread started: Thread Group 1-2
2025-10-18 08:49:52,628 INFO o.a.j.t.JMeterThread: Thread is done: Thread Group 1-2
2025-10-18 08:49:52,628 INFO o.a.j.t.JMeterThread: Thread finished: Thread Group 1-2
2025-10-18 08:49:53,076 INFO o.a.j.t.JMeterThread: Thread started: Thread Group 1-3
2025-10-18 08:49:53,150 INFO o.a.j.t.JMeterThread: Thread is done: Thread Group 1-3
2025-10-18 08:49:53,151 INFO o.a.j.t.JMeterThread: Thread finished: Thread Group 1-3
2025-10-18 08:49:53,575 INFO o.a.j.t.JMeterThread: Thread started: Thread Group 1-4
2025-10-18 08:49:53,626 INFO o.a.j.t.JMeterThread: Thread is done: Thread Group 1-4
2025-10-18 08:49:53,626 INFO o.a.j.t.JMeterThread: Thread finished: Thread Group 1-4
2025-10-18 08:49:54,076 INFO o.a.j.t.JMeterThread: Thread started: Thread Group 1-5
2025-10-18 08:49:54,131 INFO o.a.j.t.JMeterThread: Thread is done: Thread Group 1-5
2025-10-18 08:49:54,131 INFO o.a.j.t.JMeterThread: Thread finished: Thread Group 1-5
2025-10-18 08:49:54,576 INFO o.a.j.t.JMeterThread: Thread started: Thread Group 1-6
2025-10-18 08:49:54,644 INFO o.a.j.t.JMeterThread: Thread is done: Thread Group 1-6
2025-10-18 08:49:54,644 INFO o.a.j.t.JMeterThread: Thread finished: Thread Group 1-6
2025-10-18 08:49:55,076 INFO o.a.j.t.JMeterThread: Thread started: Thread Group 1-7
2025-10-18 08:49:55,119 INFO o.a.j.t.JMeterThread: Thread is done: Thread Group 1-7
2025-10-18 08:49:55,119 INFO o.a.j.t.JMeterThread: Thread finished: Thread Group 1-7
2025-10-18 08:49:55,575 INFO o.a.j.t.JMeterThread: Thread started: Thread Group 1-8
2025-10-18 08:49:55,633 INFO o.a.j.t.JMeterThread: Thread is done: Thread Group 1-8
2025-10-18 08:49:55,634 INFO o.a.j.t.JMeterThread: Thread finished: Thread Group 1-8
2025-10-18 08:49:56,076 INFO o.a.j.t.JMeterThread: Thread started: Thread Group 1-9
2025-10-18 08:49:56,134 INFO o.a.j.t.JMeterThread: Thread is done: Thread Group 1-9
2025-10-18 08:49:56,134 INFO o.a.j.t.JMeterThread: Thread finished: Thread Group 1-9
2025-10-18 08:49:56,576 INFO o.a.j.t.JMeterThread: Thread started: Thread Group 1-10
2025-10-18 08:49:56,618 INFO o.a.j.t.JMeterThread: Thread is done: Thread Group 1-10
2025-10-18 08:49:56,619 INFO o.a.j.t.JMeterThread: Thread finished: Thread Group 1-10
2025-10-18 08:49:56,619 INFO o.a.j.e.StandardJMeterEngine: Notifying test listeners of end of test
2025-10-18 08:49:56,732 INFO o.a.j.s.FileServer: Default base='D:\Acode\Android\complete\AA项目归档\作业-计算机\软件性能测试\apache-jmeter-5.6.3\bin'
2025-10-18 08:49:56,733 INFO o.a.j.g.u.JMeterMenuBar: setRunning(false, *local*)
2025-10-18 08:51:53,072 INFO o.a.j.s.FileServer: Set new base='D:\Acode\Android\complete\AA项目归档\作业-计算机\软件性能测试'
2025-10-18 08:51:53,301 INFO o.a.j.s.SaveService: Testplan (JMX) version: 2.2. Testlog (JTL) version: 2.2
2025-10-18 08:51:53,402 INFO o.a.j.s.SaveService: Using SaveService properties version 5.0
2025-10-18 08:51:53,403 INFO o.a.j.s.SaveService: Using SaveService properties file encoding UTF-8
2025-10-18 08:51:53,463 INFO o.a.j.e.StandardJMeterEngine: Running the test!
2025-10-18 08:51:53,463 INFO o.a.j.s.SampleEvent: List of sample_variables: []
2025-10-18 08:51:53,463 INFO o.a.j.g.u.JMeterMenuBar: setRunning(true, *local*)
2025-10-18 08:51:53,494 INFO o.a.j.e.StandardJMeterEngine: Starting ThreadGroup: 1 : Thread Group
2025-10-18 08:51:53,494 INFO o.a.j.e.StandardJMeterEngine: Starting 10 threads for group Thread Group.
2025-10-18 08:51:53,494 INFO o.a.j.e.StandardJMeterEngine: Thread will continue on error
2025-10-18 08:51:53,494 INFO o.a.j.t.ThreadGroup: Starting thread group... number=1 threads=10 ramp-up=5 delayedStart=false
2025-10-18 08:51:53,495 INFO o.a.j.t.JMeterThread: Thread started: Thread Group 1-1
2025-10-18 08:51:53,497 INFO o.a.j.t.ThreadGroup: Started thread group number 1
2025-10-18 08:51:53,497 INFO o.a.j.e.StandardJMeterEngine: All thread groups have been started
2025-10-18 08:51:53,533 INFO o.a.j.t.JMeterThread: Thread is done: Thread Group 1-1
2025-10-18 08:51:53,533 INFO o.a.j.t.JMeterThread: Thread finished: Thread Group 1-1
2025-10-18 08:51:53,996 INFO o.a.j.t.JMeterThread: Thread started: Thread Group 1-2
2025-10-18 08:51:54,029 INFO o.a.j.t.JMeterThread: Thread is done: Thread Group 1-2
2025-10-18 08:51:54,029 INFO o.a.j.t.JMeterThread: Thread finished: Thread Group 1-2
2025-10-18 08:51:54,496 INFO o.a.j.t.JMeterThread: Thread started: Thread Group 1-3
2025-10-18 08:51:54,536 INFO o.a.j.t.JMeterThread: Thread is done: Thread Group 1-3
2025-10-18 08:51:54,536 INFO o.a.j.t.JMeterThread: Thread finished: Thread Group 1-3
2025-10-18 08:51:54,996 INFO o.a.j.t.JMeterThread: Thread started: Thread Group 1-4
2025-10-18 08:51:55,037 INFO o.a.j.t.JMeterThread: Thread is done: Thread Group 1-4
2025-10-18 08:51:55,037 INFO o.a.j.t.JMeterThread: Thread finished: Thread Group 1-4
2025-10-18 08:51:55,496 INFO o.a.j.t.JMeterThread: Thread started: Thread Group 1-5
2025-10-18 08:51:55,543 INFO o.a.j.t.JMeterThread: Thread is done: Thread Group 1-5
2025-10-18 08:51:55,543 INFO o.a.j.t.JMeterThread: Thread finished: Thread Group 1-5
2025-10-18 08:51:55,996 INFO o.a.j.t.JMeterThread: Thread started: Thread Group 1-6
2025-10-18 08:51:56,042 INFO o.a.j.t.JMeterThread: Thread is done: Thread Group 1-6
2025-10-18 08:51:56,042 INFO o.a.j.t.JMeterThread: Thread finished: Thread Group 1-6
2025-10-18 08:51:56,495 INFO o.a.j.t.JMeterThread: Thread started: Thread Group 1-7
2025-10-18 08:51:56,535 INFO o.a.j.t.JMeterThread: Thread is done: Thread Group 1-7
2025-10-18 08:51:56,536 INFO o.a.j.t.JMeterThread: Thread finished: Thread Group 1-7
2025-10-18 08:51:56,994 INFO o.a.j.t.JMeterThread: Thread started: Thread Group 1-8
2025-10-18 08:51:57,025 INFO o.a.j.t.JMeterThread: Thread is done: Thread Group 1-8
2025-10-18 08:51:57,025 INFO o.a.j.t.JMeterThread: Thread finished: Thread Group 1-8
2025-10-18 08:51:57,494 INFO o.a.j.t.JMeterThread: Thread started: Thread Group 1-9
2025-10-18 08:51:57,538 INFO o.a.j.t.JMeterThread: Thread is done: Thread Group 1-9
2025-10-18 08:51:57,539 INFO o.a.j.t.JMeterThread: Thread finished: Thread Group 1-9
2025-10-18 08:51:57,995 INFO o.a.j.t.JMeterThread: Thread started: Thread Group 1-10
2025-10-18 08:51:58,036 INFO o.a.j.t.JMeterThread: Thread is done: Thread Group 1-10
2025-10-18 08:51:58,036 INFO o.a.j.t.JMeterThread: Thread finished: Thread Group 1-10
2025-10-18 08:51:58,036 INFO o.a.j.e.StandardJMeterEngine: Notifying test listeners of end of test
2025-10-18 08:51:58,036 INFO o.a.j.g.u.JMeterMenuBar: setRunning(false, *local*)
2025-10-18 08:52:58,210 INFO o.a.j.e.StandardJMeterEngine: Running the test!
2025-10-18 08:52:58,211 INFO o.a.j.s.SampleEvent: List of sample_variables: []
2025-10-18 08:52:58,211 INFO o.a.j.g.u.JMeterMenuBar: setRunning(true, *local*)
2025-10-18 08:52:58,236 INFO o.a.j.e.StandardJMeterEngine: Starting ThreadGroup: 1 : Thread Group
2025-10-18 08:52:58,236 INFO o.a.j.e.StandardJMeterEngine: Starting 10 threads for group Thread Group.
2025-10-18 08:52:58,236 INFO o.a.j.e.StandardJMeterEngine: Thread will continue on error
2025-10-18 08:52:58,236 INFO o.a.j.t.ThreadGroup: Starting thread group... number=1 threads=10 ramp-up=5 delayedStart=false
2025-10-18 08:52:58,237 INFO o.a.j.t.JMeterThread: Thread started: Thread Group 1-1
2025-10-18 08:52:58,238 INFO o.a.j.t.ThreadGroup: Started thread group number 1
2025-10-18 08:52:58,238 INFO o.a.j.e.StandardJMeterEngine: All thread groups have been started
2025-10-18 08:52:58,286 INFO o.a.j.t.JMeterThread: Thread is done: Thread Group 1-1
2025-10-18 08:52:58,287 INFO o.a.j.t.JMeterThread: Thread finished: Thread Group 1-1
2025-10-18 08:52:58,738 INFO o.a.j.t.JMeterThread: Thread started: Thread Group 1-2
2025-10-18 08:52:58,779 INFO o.a.j.t.JMeterThread: Thread is done: Thread Group 1-2
2025-10-18 08:52:58,779 INFO o.a.j.t.JMeterThread: Thread finished: Thread Group 1-2
2025-10-18 08:52:59,241 INFO o.a.j.t.JMeterThread: Thread started: Thread Group 1-3
2025-10-18 08:52:59,278 INFO o.a.j.t.JMeterThread: Thread is done: Thread Group 1-3
2025-10-18 08:52:59,279 INFO o.a.j.t.JMeterThread: Thread finished: Thread Group 1-3
2025-10-18 08:52:59,737 INFO o.a.j.t.JMeterThread: Thread started: Thread Group 1-4
2025-10-18 08:52:59,785 INFO o.a.j.t.JMeterThread: Thread is done: Thread Group 1-4
2025-10-18 08:52:59,785 INFO o.a.j.t.JMeterThread: Thread finished: Thread Group 1-4
2025-10-18 08:53:00,237 INFO o.a.j.t.JMeterThread: Thread started: Thread Group 1-5
2025-10-18 08:53:00,266 INFO o.a.j.t.JMeterThread: Thread is done: Thread Group 1-5
2025-10-18 08:53:00,266 INFO o.a.j.t.JMeterThread: Thread finished: Thread Group 1-5
2025-10-18 08:53:00,737 INFO o.a.j.t.JMeterThread: Thread started: Thread Group 1-6
2025-10-18 08:53:00,777 INFO o.a.j.t.JMeterThread: Thread is done: Thread Group 1-6
2025-10-18 08:53:00,777 INFO o.a.j.t.JMeterThread: Thread finished: Thread Group 1-6
2025-10-18 08:53:01,237 INFO o.a.j.t.JMeterThread: Thread started: Thread Group 1-7
2025-10-18 08:53:01,277 INFO o.a.j.t.JMeterThread: Thread is done: Thread Group 1-7
2025-10-18 08:53:01,277 INFO o.a.j.t.JMeterThread: Thread finished: Thread Group 1-7
2025-10-18 08:53:01,736 INFO o.a.j.t.JMeterThread: Thread started: Thread Group 1-8
2025-10-18 08:53:01,771 INFO o.a.j.t.JMeterThread: Thread is done: Thread Group 1-8
2025-10-18 08:53:01,771 INFO o.a.j.t.JMeterThread: Thread finished: Thread Group 1-8
2025-10-18 08:53:02,238 INFO o.a.j.t.JMeterThread: Thread started: Thread Group 1-9
2025-10-18 08:53:02,279 INFO o.a.j.t.JMeterThread: Thread is done: Thread Group 1-9
2025-10-18 08:53:02,279 INFO o.a.j.t.JMeterThread: Thread finished: Thread Group 1-9
2025-10-18 08:53:02,737 INFO o.a.j.t.JMeterThread: Thread started: Thread Group 1-10
2025-10-18 08:53:02,779 INFO o.a.j.t.JMeterThread: Thread is done: Thread Group 1-10
2025-10-18 08:53:02,779 INFO o.a.j.t.JMeterThread: Thread finished: Thread Group 1-10
2025-10-18 08:53:02,780 INFO o.a.j.e.StandardJMeterEngine: Notifying test listeners of end of test
2025-10-18 08:53:02,780 INFO o.a.j.g.u.JMeterMenuBar: setRunning(false, *local*)
2025-10-18 08:54:07,943 INFO o.a.j.e.StandardJMeterEngine: Running the test!
2025-10-18 08:54:07,944 INFO o.a.j.s.SampleEvent: List of sample_variables: []
2025-10-18 08:54:07,944 INFO o.a.j.g.u.JMeterMenuBar: setRunning(true, *local*)
2025-10-18 08:54:07,968 INFO o.a.j.e.StandardJMeterEngine: Starting ThreadGroup: 1 : Thread Group
2025-10-18 08:54:07,968 INFO o.a.j.e.StandardJMeterEngine: Starting 10 threads for group Thread Group.
2025-10-18 08:54:07,968 INFO o.a.j.e.StandardJMeterEngine: Thread will continue on error
2025-10-18 08:54:07,968 INFO o.a.j.t.ThreadGroup: Starting thread group... number=1 threads=10 ramp-up=5 delayedStart=false
2025-10-18 08:54:07,969 INFO o.a.j.t.JMeterThread: Thread started: Thread Group 1-1
2025-10-18 08:54:07,970 INFO o.a.j.t.ThreadGroup: Started thread group number 1
2025-10-18 08:54:07,970 INFO o.a.j.e.StandardJMeterEngine: All thread groups have been started
2025-10-18 08:54:08,013 INFO o.a.j.t.JMeterThread: Thread is done: Thread Group 1-1
2025-10-18 08:54:08,015 INFO o.a.j.t.JMeterThread: Thread finished: Thread Group 1-1
2025-10-18 08:54:08,469 INFO o.a.j.t.JMeterThread: Thread started: Thread Group 1-2
2025-10-18 08:54:08,514 INFO o.a.j.t.JMeterThread: Thread is done: Thread Group 1-2
2025-10-18 08:54:08,515 INFO o.a.j.t.JMeterThread: Thread finished: Thread Group 1-2
2025-10-18 08:54:08,969 INFO o.a.j.t.JMeterThread: Thread started: Thread Group 1-3
2025-10-18 08:54:09,004 INFO o.a.j.t.JMeterThread: Thread is done: Thread Group 1-3
2025-10-18 08:54:09,004 INFO o.a.j.t.JMeterThread: Thread finished: Thread Group 1-3
2025-10-18 08:54:09,469 INFO o.a.j.t.JMeterThread: Thread started: Thread Group 1-4
2025-10-18 08:54:09,502 INFO o.a.j.t.JMeterThread: Thread is done: Thread Group 1-4
2025-10-18 08:54:09,502 INFO o.a.j.t.JMeterThread: Thread finished: Thread Group 1-4
2025-10-18 08:54:09,970 INFO o.a.j.t.JMeterThread: Thread started: Thread Group 1-5
2025-10-18 08:54:10,013 INFO o.a.j.t.JMeterThread: Thread is done: Thread Group 1-5
2025-10-18 08:54:10,013 INFO o.a.j.t.JMeterThread: Thread finished: Thread Group 1-5
2025-10-18 08:54:10,470 INFO o.a.j.t.JMeterThread: Thread started: Thread Group 1-6
2025-10-18 08:54:10,506 INFO o.a.j.t.JMeterThread: Thread is done: Thread Group 1-6
2025-10-18 08:54:10,508 INFO o.a.j.t.JMeterThread: Thread finished: Thread Group 1-6
2025-10-18 08:54:10,968 INFO o.a.j.t.JMeterThread: Thread started: Thread Group 1-7
2025-10-18 08:54:10,996 INFO o.a.j.t.JMeterThread: Thread is done: Thread Group 1-7
2025-10-18 08:54:10,996 INFO o.a.j.t.JMeterThread: Thread finished: Thread Group 1-7
2025-10-18 08:54:11,469 INFO o.a.j.t.JMeterThread: Thread started: Thread Group 1-8
2025-10-18 08:54:11,514 INFO o.a.j.t.JMeterThread: Thread is done: Thread Group 1-8
2025-10-18 08:54:11,514 INFO o.a.j.t.JMeterThread: Thread finished: Thread Group 1-8
2025-10-18 08:54:11,969 INFO o.a.j.t.JMeterThread: Thread started: Thread Group 1-9
2025-10-18 08:54:12,006 INFO o.a.j.t.JMeterThread: Thread is done: Thread Group 1-9
2025-10-18 08:54:12,006 INFO o.a.j.t.JMeterThread: Thread finished: Thread Group 1-9
2025-10-18 08:54:12,469 INFO o.a.j.t.JMeterThread: Thread started: Thread Group 1-10
2025-10-18 08:54:12,497 INFO o.a.j.t.JMeterThread: Thread is done: Thread Group 1-10
2025-10-18 08:54:12,497 INFO o.a.j.t.JMeterThread: Thread finished: Thread Group 1-10
2025-10-18 08:54:12,497 INFO o.a.j.e.StandardJMeterEngine: Notifying test listeners of end of test
2025-10-18 08:54:12,497 INFO o.a.j.g.u.JMeterMenuBar: setRunning(false, *local*)
2025-10-18 08:55:49,732 INFO o.a.j.s.FileServer: Set new base='D:\Acode\Android\complete\AA项目归档\作业-计算机\软件性能测试'
2025-10-18 09:21:47,153 INFO o.a.j.e.StandardJMeterEngine: Running the test!
2025-10-18 09:21:47,153 INFO o.a.j.s.SampleEvent: List of sample_variables: []
2025-10-18 09:21:47,154 INFO o.a.j.g.u.JMeterMenuBar: setRunning(true, *local*)
2025-10-18 09:21:47,178 INFO o.a.j.e.StandardJMeterEngine: Starting ThreadGroup: 1 : Thread Group
2025-10-18 09:21:47,179 INFO o.a.j.e.StandardJMeterEngine: Starting 10 threads for group Thread Group.
2025-10-18 09:21:47,179 INFO o.a.j.e.StandardJMeterEngine: Thread will continue on error
2025-10-18 09:21:47,179 INFO o.a.j.t.ThreadGroup: Starting thread group... number=1 threads=10 ramp-up=5 delayedStart=false
2025-10-18 09:21:47,180 INFO o.a.j.t.JMeterThread: Thread started: Thread Group 1-1
2025-10-18 09:21:47,181 INFO o.a.j.t.ThreadGroup: Started thread group number 1
2025-10-18 09:21:47,181 INFO o.a.j.e.StandardJMeterEngine: All thread groups have been started
2025-10-18 09:21:47,230 INFO o.a.j.t.JMeterThread: Thread is done: Thread Group 1-1
2025-10-18 09:21:47,230 INFO o.a.j.t.JMeterThread: Thread finished: Thread Group 1-1
2025-10-18 09:21:47,686 INFO o.a.j.t.JMeterThread: Thread started: Thread Group 1-2
2025-10-18 09:21:47,732 INFO o.a.j.t.JMeterThread: Thread is done: Thread Group 1-2
2025-10-18 09:21:47,732 INFO o.a.j.t.JMeterThread: Thread finished: Thread Group 1-2
2025-10-18 09:21:48,186 INFO o.a.j.t.JMeterThread: Thread started: Thread Group 1-3
2025-10-18 09:21:48,240 INFO o.a.j.t.JMeterThread: Thread is done: Thread Group 1-3
2025-10-18 09:21:48,240 INFO o.a.j.t.JMeterThread: Thread finished: Thread Group 1-3
2025-10-18 09:21:48,681 INFO o.a.j.t.JMeterThread: Thread started: Thread Group 1-4
2025-10-18 09:21:48,731 INFO o.a.j.t.JMeterThread: Thread is done: Thread Group 1-4
2025-10-18 09:21:48,732 INFO o.a.j.t.JMeterThread: Thread finished: Thread Group 1-4
2025-10-18 09:21:49,179 INFO o.a.j.t.JMeterThread: Thread started: Thread Group 1-5
2025-10-18 09:21:49,220 INFO o.a.j.t.JMeterThread: Thread is done: Thread Group 1-5
2025-10-18 09:21:49,221 INFO o.a.j.t.JMeterThread: Thread finished: Thread Group 1-5
2025-10-18 09:21:49,680 INFO o.a.j.t.JMeterThread: Thread started: Thread Group 1-6
2025-10-18 09:21:49,736 INFO o.a.j.t.JMeterThread: Thread is done: Thread Group 1-6
2025-10-18 09:21:49,736 INFO o.a.j.t.JMeterThread: Thread finished: Thread Group 1-6
2025-10-18 09:21:50,180 INFO o.a.j.t.JMeterThread: Thread started: Thread Group 1-7
2025-10-18 09:21:50,231 INFO o.a.j.t.JMeterThread: Thread is done: Thread Group 1-7
2025-10-18 09:21:50,231 INFO o.a.j.t.JMeterThread: Thread finished: Thread Group 1-7
2025-10-18 09:21:50,679 INFO o.a.j.t.JMeterThread: Thread started: Thread Group 1-8
2025-10-18 09:21:50,736 INFO o.a.j.t.JMeterThread: Thread is done: Thread Group 1-8
2025-10-18 09:21:50,737 INFO o.a.j.t.JMeterThread: Thread finished: Thread Group 1-8
2025-10-18 09:21:51,180 INFO o.a.j.t.JMeterThread: Thread started: Thread Group 1-9
2025-10-18 09:21:51,242 INFO o.a.j.t.JMeterThread: Thread is done: Thread Group 1-9
2025-10-18 09:21:51,242 INFO o.a.j.t.JMeterThread: Thread finished: Thread Group 1-9
2025-10-18 09:21:51,681 INFO o.a.j.t.JMeterThread: Thread started: Thread Group 1-10
2025-10-18 09:21:51,733 INFO o.a.j.t.JMeterThread: Thread is done: Thread Group 1-10
2025-10-18 09:21:51,733 INFO o.a.j.t.JMeterThread: Thread finished: Thread Group 1-10
2025-10-18 09:21:51,734 INFO o.a.j.e.StandardJMeterEngine: Notifying test listeners of end of test
2025-10-18 09:21:51,734 INFO o.a.j.g.u.JMeterMenuBar: setRunning(false, *local*)
2025-10-18 09:25:38,549 INFO o.a.j.e.StandardJMeterEngine: Running the test!
2025-10-18 09:25:38,550 INFO o.a.j.s.SampleEvent: List of sample_variables: []
2025-10-18 09:25:38,550 INFO o.a.j.g.u.JMeterMenuBar: setRunning(true, *local*)
2025-10-18 09:25:38,584 INFO o.a.j.e.StandardJMeterEngine: No enabled thread groups found
2025-10-18 09:25:38,584 INFO o.a.j.e.StandardJMeterEngine: Notifying test listeners of end of test
2025-10-18 09:25:38,584 INFO o.a.j.g.u.JMeterMenuBar: setRunning(false, *local*)
2025-10-18 09:35:17,323 INFO o.a.j.s.FileServer: Set new base='D:\Acode\Android\complete\AA项目归档\作业-计算机\软件性能测试'
2025-10-18 09:35:17,478 INFO o.a.j.e.StandardJMeterEngine: Running the test!
2025-10-18 09:35:17,480 INFO o.a.j.s.SampleEvent: List of sample_variables: []
2025-10-18 09:35:17,481 INFO o.a.j.g.u.JMeterMenuBar: setRunning(true, *local*)
2025-10-18 09:35:17,518 INFO o.a.j.e.StandardJMeterEngine: Starting ThreadGroup: 1 : Thread Group
2025-10-18 09:35:17,518 INFO o.a.j.e.StandardJMeterEngine: Starting 18 threads for group Thread Group.
2025-10-18 09:35:17,518 INFO o.a.j.e.StandardJMeterEngine: Thread will continue on error
2025-10-18 09:35:17,518 INFO o.a.j.t.ThreadGroup: Starting thread group... number=1 threads=18 ramp-up=5 delayedStart=false
2025-10-18 09:35:17,519 INFO o.a.j.t.JMeterThread: Thread started: Thread Group 1-1
2025-10-18 09:35:17,519 INFO o.a.j.t.JMeterThread: Thread is done: Thread Group 1-1
2025-10-18 09:35:17,519 INFO o.a.j.t.JMeterThread: Thread finished: Thread Group 1-1
2025-10-18 09:35:17,520 INFO o.a.j.t.ThreadGroup: Started thread group number 1
2025-10-18 09:35:17,520 INFO o.a.j.e.StandardJMeterEngine: All thread groups have been started
2025-10-18 09:35:17,797 INFO o.a.j.t.JMeterThread: Thread started: Thread Group 1-2
2025-10-18 09:35:17,798 INFO o.a.j.t.JMeterThread: Thread is done: Thread Group 1-2
2025-10-18 09:35:17,798 INFO o.a.j.t.JMeterThread: Thread finished: Thread Group 1-2
2025-10-18 09:35:18,076 INFO o.a.j.t.JMeterThread: Thread started: Thread Group 1-3
2025-10-18 09:35:18,076 INFO o.a.j.t.JMeterThread: Thread is done: Thread Group 1-3
2025-10-18 09:35:18,076 INFO o.a.j.t.JMeterThread: Thread finished: Thread Group 1-3
2025-10-18 09:35:18,353 INFO o.a.j.t.JMeterThread: Thread started: Thread Group 1-4
2025-10-18 09:35:18,354 INFO o.a.j.t.JMeterThread: Thread is done: Thread Group 1-4
2025-10-18 09:35:18,354 INFO o.a.j.t.JMeterThread: Thread finished: Thread Group 1-4
2025-10-18 09:35:18,631 INFO o.a.j.t.JMeterThread: Thread started: Thread Group 1-5
2025-10-18 09:35:18,631 INFO o.a.j.t.JMeterThread: Thread is done: Thread Group 1-5
2025-10-18 09:35:18,631 INFO o.a.j.t.JMeterThread: Thread finished: Thread Group 1-5
2025-10-18 09:35:18,909 INFO o.a.j.t.JMeterThread: Thread started: Thread Group 1-6
2025-10-18 09:35:18,909 INFO o.a.j.t.JMeterThread: Thread is done: Thread Group 1-6
2025-10-18 09:35:18,909 INFO o.a.j.t.JMeterThread: Thread finished: Thread Group 1-6
2025-10-18 09:35:19,186 INFO o.a.j.t.JMeterThread: Thread started: Thread Group 1-7
2025-10-18 09:35:19,188 INFO o.a.j.t.JMeterThread: Thread is done: Thread Group 1-7
2025-10-18 09:35:19,188 INFO o.a.j.t.JMeterThread: Thread finished: Thread Group 1-7
2025-10-18 09:35:19,464 INFO o.a.j.t.JMeterThread: Thread started: Thread Group 1-8
2025-10-18 09:35:19,464 INFO o.a.j.t.JMeterThread: Thread is done: Thread Group 1-8
2025-10-18 09:35:19,464 INFO o.a.j.t.JMeterThread: Thread finished: Thread Group 1-8
2025-10-18 09:35:19,743 INFO o.a.j.t.JMeterThread: Thread started: Thread Group 1-9
2025-10-18 09:35:19,743 INFO o.a.j.t.JMeterThread: Thread is done: Thread Group 1-9
2025-10-18 09:35:19,743 INFO o.a.j.t.JMeterThread: Thread finished: Thread Group 1-9
2025-10-18 09:35:20,021 INFO o.a.j.t.JMeterThread: Thread started: Thread Group 1-10
2025-10-18 09:35:20,021 INFO o.a.j.t.JMeterThread: Thread is done: Thread Group 1-10
2025-10-18 09:35:20,021 INFO o.a.j.t.JMeterThread: Thread finished: Thread Group 1-10
2025-10-18 09:35:20,298 INFO o.a.j.t.JMeterThread: Thread started: Thread Group 1-11
2025-10-18 09:35:20,298 INFO o.a.j.t.JMeterThread: Thread is done: Thread Group 1-11
2025-10-18 09:35:20,298 INFO o.a.j.t.JMeterThread: Thread finished: Thread Group 1-11
2025-10-18 09:35:20,577 INFO o.a.j.t.JMeterThread: Thread started: Thread Group 1-12
2025-10-18 09:35:20,577 INFO o.a.j.t.JMeterThread: Thread is done: Thread Group 1-12
2025-10-18 09:35:20,577 INFO o.a.j.t.JMeterThread: Thread finished: Thread Group 1-12
2025-10-18 09:35:20,855 INFO o.a.j.t.JMeterThread: Thread started: Thread Group 1-13
2025-10-18 09:35:20,855 INFO o.a.j.t.JMeterThread: Thread is done: Thread Group 1-13
2025-10-18 09:35:20,855 INFO o.a.j.t.JMeterThread: Thread finished: Thread Group 1-13
2025-10-18 09:35:21,145 INFO o.a.j.t.JMeterThread: Thread started: Thread Group 1-14
2025-10-18 09:35:21,145 INFO o.a.j.t.JMeterThread: Thread is done: Thread Group 1-14
2025-10-18 09:35:21,145 INFO o.a.j.t.JMeterThread: Thread finished: Thread Group 1-14
2025-10-18 09:35:21,410 INFO o.a.j.t.JMeterThread: Thread started: Thread Group 1-15
2025-10-18 09:35:21,412 INFO o.a.j.t.JMeterThread: Thread is done: Thread Group 1-15
2025-10-18 09:35:21,412 INFO o.a.j.t.JMeterThread: Thread finished: Thread Group 1-15
2025-10-18 09:35:21,688 INFO o.a.j.t.JMeterThread: Thread started: Thread Group 1-16
2025-10-18 09:35:21,688 INFO o.a.j.t.JMeterThread: Thread is done: Thread Group 1-16
2025-10-18 09:35:21,688 INFO o.a.j.t.JMeterThread: Thread finished: Thread Group 1-16
2025-10-18 09:35:21,967 INFO o.a.j.t.JMeterThread: Thread started: Thread Group 1-17
2025-10-18 09:35:21,967 INFO o.a.j.t.JMeterThread: Thread is done: Thread Group 1-17
2025-10-18 09:35:21,967 INFO o.a.j.t.JMeterThread: Thread finished: Thread Group 1-17
2025-10-18 09:35:22,245 INFO o.a.j.t.JMeterThread: Thread started: Thread Group 1-18
2025-10-18 09:35:22,245 INFO o.a.j.t.JMeterThread: Thread is done: Thread Group 1-18
2025-10-18 09:35:22,245 INFO o.a.j.t.JMeterThread: Thread finished: Thread Group 1-18
2025-10-18 09:35:22,245 INFO o.a.j.e.StandardJMeterEngine: Notifying test listeners of end of test
2025-10-18 09:35:22,245 INFO o.a.j.g.u.JMeterMenuBar: setRunning(false, *local*)
2025-10-18 09:35:53,919 INFO o.a.j.e.StandardJMeterEngine: Running the test!
2025-10-18 09:35:53,919 INFO o.a.j.s.SampleEvent: List of sample_variables: []
2025-10-18 09:35:53,919 INFO o.a.j.g.u.JMeterMenuBar: setRunning(true, *local*)
2025-10-18 09:35:53,949 INFO o.a.j.e.StandardJMeterEngine: Starting ThreadGroup: 1 : Thread Group
2025-10-18 09:35:53,949 INFO o.a.j.e.StandardJMeterEngine: Starting 18 threads for group Thread Group.
2025-10-18 09:35:53,949 INFO o.a.j.e.StandardJMeterEngine: Thread will continue on error
2025-10-18 09:35:53,949 INFO o.a.j.t.ThreadGroup: Starting thread group... number=1 threads=18 ramp-up=5 delayedStart=false
2025-10-18 09:35:53,949 INFO o.a.j.t.JMeterThread: Thread started: Thread Group 1-1
2025-10-18 09:35:53,950 INFO o.a.j.t.JMeterThread: Thread is done: Thread Group 1-1
2025-10-18 09:35:53,950 INFO o.a.j.t.JMeterThread: Thread finished: Thread Group 1-1
2025-10-18 09:35:53,950 INFO o.a.j.t.ThreadGroup: Started thread group number 1
2025-10-18 09:35:53,951 INFO o.a.j.e.StandardJMeterEngine: All thread groups have been started
2025-10-18 09:35:54,228 INFO o.a.j.t.JMeterThread: Thread started: Thread Group 1-2
2025-10-18 09:35:54,228 INFO o.a.j.t.JMeterThread: Thread is done: Thread Group 1-2
2025-10-18 09:35:54,228 INFO o.a.j.t.JMeterThread: Thread finished: Thread Group 1-2
2025-10-18 09:35:54,507 INFO o.a.j.t.JMeterThread: Thread started: Thread Group 1-3
2025-10-18 09:35:54,507 INFO o.a.j.t.JMeterThread: Thread is done: Thread Group 1-3
2025-10-18 09:35:54,507 INFO o.a.j.t.JMeterThread: Thread finished: Thread Group 1-3
2025-10-18 09:35:54,784 INFO o.a.j.t.JMeterThread: Thread started: Thread Group 1-4
2025-10-18 09:35:54,785 INFO o.a.j.t.JMeterThread: Thread is done: Thread Group 1-4
2025-10-18 09:35:54,785 INFO o.a.j.t.JMeterThread: Thread finished: Thread Group 1-4
2025-10-18 09:35:55,062 INFO o.a.j.t.JMeterThread: Thread started: Thread Group 1-5
2025-10-18 09:35:55,063 INFO o.a.j.t.JMeterThread: Thread is done: Thread Group 1-5
2025-10-18 09:35:55,063 INFO o.a.j.t.JMeterThread: Thread finished: Thread Group 1-5
2025-10-18 09:35:55,339 INFO o.a.j.t.JMeterThread: Thread started: Thread Group 1-6
2025-10-18 09:35:55,340 INFO o.a.j.t.JMeterThread: Thread is done: Thread Group 1-6
2025-10-18 09:35:55,340 INFO o.a.j.t.JMeterThread: Thread finished: Thread Group 1-6
2025-10-18 09:35:55,617 INFO o.a.j.t.JMeterThread: Thread started: Thread Group 1-7
2025-10-18 09:35:55,617 INFO o.a.j.t.JMeterThread: Thread is done: Thread Group 1-7
2025-10-18 09:35:55,617 INFO o.a.j.t.JMeterThread: Thread finished: Thread Group 1-7
2025-10-18 09:35:55,895 INFO o.a.j.t.JMeterThread: Thread started: Thread Group 1-8
2025-10-18 09:35:55,895 INFO o.a.j.t.JMeterThread: Thread is done: Thread Group 1-8
2025-10-18 09:35:55,896 INFO o.a.j.t.JMeterThread: Thread finished: Thread Group 1-8
2025-10-18 09:35:56,174 INFO o.a.j.t.JMeterThread: Thread started: Thread Group 1-9
2025-10-18 09:35:56,174 INFO o.a.j.t.JMeterThread: Thread is done: Thread Group 1-9
2025-10-18 09:35:56,175 INFO o.a.j.t.JMeterThread: Thread finished: Thread Group 1-9
2025-10-18 09:35:56,452 INFO o.a.j.t.JMeterThread: Thread started: Thread Group 1-10
2025-10-18 09:35:56,452 INFO o.a.j.t.JMeterThread: Thread is done: Thread Group 1-10
2025-10-18 09:35:56,452 INFO o.a.j.t.JMeterThread: Thread finished: Thread Group 1-10
2025-10-18 09:35:56,730 INFO o.a.j.t.JMeterThread: Thread started: Thread Group 1-11
2025-10-18 09:35:56,731 INFO o.a.j.t.JMeterThread: Thread is done: Thread Group 1-11
2025-10-18 09:35:56,731 INFO o.a.j.t.JMeterThread: Thread finished: Thread Group 1-11
2025-10-18 09:35:57,007 INFO o.a.j.t.JMeterThread: Thread started: Thread Group 1-12
2025-10-18 09:35:57,007 INFO o.a.j.t.JMeterThread: Thread is done: Thread Group 1-12
2025-10-18 09:35:57,007 INFO o.a.j.t.JMeterThread: Thread finished: Thread Group 1-12
2025-10-18 09:35:57,285 INFO o.a.j.t.JMeterThread: Thread started: Thread Group 1-13
2025-10-18 09:35:57,286 INFO o.a.j.t.JMeterThread: Thread is done: Thread Group 1-13
2025-10-18 09:35:57,286 INFO o.a.j.t.JMeterThread: Thread finished: Thread Group 1-13
2025-10-18 09:35:57,563 INFO o.a.j.t.JMeterThread: Thread started: Thread Group 1-14
2025-10-18 09:35:57,563 INFO o.a.j.t.JMeterThread: Thread is done: Thread Group 1-14
2025-10-18 09:35:57,563 INFO o.a.j.t.JMeterThread: Thread finished: Thread Group 1-14
2025-10-18 09:35:57,842 INFO o.a.j.t.JMeterThread: Thread started: Thread Group 1-15
2025-10-18 09:35:57,842 INFO o.a.j.t.JMeterThread: Thread is done: Thread Group 1-15
2025-10-18 09:35:57,842 INFO o.a.j.t.JMeterThread: Thread finished: Thread Group 1-15
2025-10-18 09:35:58,121 INFO o.a.j.t.JMeterThread: Thread started: Thread Group 1-16
2025-10-18 09:35:58,121 INFO o.a.j.t.JMeterThread: Thread is done: Thread Group 1-16
2025-10-18 09:35:58,121 INFO o.a.j.t.JMeterThread: Thread finished: Thread Group 1-16
2025-10-18 09:35:58,397 INFO o.a.j.t.JMeterThread: Thread started: Thread Group 1-17
2025-10-18 09:35:58,398 INFO o.a.j.t.JMeterThread: Thread is done: Thread Group 1-17
2025-10-18 09:35:58,398 INFO o.a.j.t.JMeterThread: Thread finished: Thread Group 1-17
2025-10-18 09:35:58,677 INFO o.a.j.t.JMeterThread: Thread started: Thread Group 1-18
2025-10-18 09:35:58,677 INFO o.a.j.t.JMeterThread: Thread is done: Thread Group 1-18
2025-10-18 09:35:58,677 INFO o.a.j.t.JMeterThread: Thread finished: Thread Group 1-18
2025-10-18 09:35:58,677 INFO o.a.j.e.StandardJMeterEngine: Notifying test listeners of end of test
2025-10-18 09:35:58,677 INFO o.a.j.g.u.JMeterMenuBar: setRunning(false, *local*)
2025-10-18 09:36:38,358 INFO o.a.j.e.StandardJMeterEngine: Running the test!
2025-10-18 09:36:38,359 INFO o.a.j.s.SampleEvent: List of sample_variables: []
2025-10-18 09:36:38,359 INFO o.a.j.g.u.JMeterMenuBar: setRunning(true, *local*)
2025-10-18 09:36:38,385 INFO o.a.j.e.StandardJMeterEngine: Starting ThreadGroup: 1 : Thread Group
2025-10-18 09:36:38,386 INFO o.a.j.e.StandardJMeterEngine: Starting 18 threads for group Thread Group.
2025-10-18 09:36:38,386 INFO o.a.j.e.StandardJMeterEngine: Thread will continue on error
2025-10-18 09:36:38,386 INFO o.a.j.t.ThreadGroup: Starting thread group... number=1 threads=18 ramp-up=5 delayedStart=false
2025-10-18 09:36:38,386 INFO o.a.j.t.JMeterThread: Thread started: Thread Group 1-1
2025-10-18 09:36:38,386 INFO o.a.j.t.JMeterThread: Thread is done: Thread Group 1-1
2025-10-18 09:36:38,386 INFO o.a.j.t.JMeterThread: Thread finished: Thread Group 1-1
2025-10-18 09:36:38,388 INFO o.a.j.t.ThreadGroup: Started thread group number 1
2025-10-18 09:36:38,388 INFO o.a.j.e.StandardJMeterEngine: All thread groups have been started
2025-10-18 09:36:38,665 INFO o.a.j.t.JMeterThread: Thread started: Thread Group 1-2
2025-10-18 09:36:38,665 INFO o.a.j.t.JMeterThread: Thread is done: Thread Group 1-2
2025-10-18 09:36:38,665 INFO o.a.j.t.JMeterThread: Thread finished: Thread Group 1-2
2025-10-18 09:36:38,943 INFO o.a.j.t.JMeterThread: Thread started: Thread Group 1-3
2025-10-18 09:36:38,944 INFO o.a.j.t.JMeterThread: Thread is done: Thread Group 1-3
2025-10-18 09:36:38,944 INFO o.a.j.t.JMeterThread: Thread finished: Thread Group 1-3
2025-10-18 09:36:39,221 INFO o.a.j.t.JMeterThread: Thread started: Thread Group 1-4
2025-10-18 09:36:39,221 INFO o.a.j.t.JMeterThread: Thread is done: Thread Group 1-4
2025-10-18 09:36:39,221 INFO o.a.j.t.JMeterThread: Thread finished: Thread Group 1-4
2025-10-18 09:36:39,498 INFO o.a.j.t.JMeterThread: Thread started: Thread Group 1-5
2025-10-18 09:36:39,498 INFO o.a.j.t.JMeterThread: Thread is done: Thread Group 1-5
2025-10-18 09:36:39,498 INFO o.a.j.t.JMeterThread: Thread finished: Thread Group 1-5
2025-10-18 09:36:39,776 INFO o.a.j.t.JMeterThread: Thread started: Thread Group 1-6
2025-10-18 09:36:39,776 INFO o.a.j.t.JMeterThread: Thread is done: Thread Group 1-6
2025-10-18 09:36:39,776 INFO o.a.j.t.JMeterThread: Thread finished: Thread Group 1-6
2025-10-18 09:36:40,056 INFO o.a.j.t.JMeterThread: Thread started: Thread Group 1-7
2025-10-18 09:36:40,056 INFO o.a.j.t.JMeterThread: Thread is done: Thread Group 1-7
2025-10-18 09:36:40,056 INFO o.a.j.t.JMeterThread: Thread finished: Thread Group 1-7
2025-10-18 09:36:40,333 INFO o.a.j.t.JMeterThread: Thread started: Thread Group 1-8
2025-10-18 09:36:40,333 INFO o.a.j.t.JMeterThread: Thread is done: Thread Group 1-8
2025-10-18 09:36:40,334 INFO o.a.j.t.JMeterThread: Thread finished: Thread Group 1-8
2025-10-18 09:36:40,611 INFO o.a.j.t.JMeterThread: Thread started: Thread Group 1-9
2025-10-18 09:36:40,611 INFO o.a.j.t.JMeterThread: Thread is done: Thread Group 1-9
2025-10-18 09:36:40,611 INFO o.a.j.t.JMeterThread: Thread finished: Thread Group 1-9
2025-10-18 09:36:40,889 INFO o.a.j.t.JMeterThread: Thread started: Thread Group 1-10
2025-10-18 09:36:40,889 INFO o.a.j.t.JMeterThread: Thread is done: Thread Group 1-10
2025-10-18 09:36:40,889 INFO o.a.j.t.JMeterThread: Thread finished: Thread Group 1-10
2025-10-18 09:36:41,167 INFO o.a.j.t.JMeterThread: Thread started: Thread Group 1-11
2025-10-18 09:36:41,167 INFO o.a.j.t.JMeterThread: Thread is done: Thread Group 1-11
2025-10-18 09:36:41,167 INFO o.a.j.t.JMeterThread: Thread finished: Thread Group 1-11
2025-10-18 09:36:41,445 INFO o.a.j.t.JMeterThread: Thread started: Thread Group 1-12
2025-10-18 09:36:41,446 INFO o.a.j.t.JMeterThread: Thread is done: Thread Group 1-12
2025-10-18 09:36:41,446 INFO o.a.j.t.JMeterThread: Thread finished: Thread Group 1-12
2025-10-18 09:36:41,723 INFO o.a.j.t.JMeterThread: Thread started: Thread Group 1-13
2025-10-18 09:36:41,723 INFO o.a.j.t.JMeterThread: Thread is done: Thread Group 1-13
2025-10-18 09:36:41,723 INFO o.a.j.t.JMeterThread: Thread finished: Thread Group 1-13
2025-10-18 09:36:42,001 INFO o.a.j.t.JMeterThread: Thread started: Thread Group 1-14
2025-10-18 09:36:42,001 INFO o.a.j.t.JMeterThread: Thread is done: Thread Group 1-14
2025-10-18 09:36:42,001 INFO o.a.j.t.JMeterThread: Thread finished: Thread Group 1-14
2025-10-18 09:36:42,279 INFO o.a.j.t.JMeterThread: Thread started: Thread Group 1-15
2025-10-18 09:36:42,279 INFO o.a.j.t.JMeterThread: Thread is done: Thread Group 1-15
2025-10-18 09:36:42,279 INFO o.a.j.t.JMeterThread: Thread finished: Thread Group 1-15
2025-10-18 09:36:42,557 INFO o.a.j.t.JMeterThread: Thread started: Thread Group 1-16
2025-10-18 09:36:42,557 INFO o.a.j.t.JMeterThread: Thread is done: Thread Group 1-16
2025-10-18 09:36:42,557 INFO o.a.j.t.JMeterThread: Thread finished: Thread Group 1-16
2025-10-18 09:36:42,834 INFO o.a.j.t.JMeterThread: Thread started: Thread Group 1-17
2025-10-18 09:36:42,834 INFO o.a.j.t.JMeterThread: Thread is done: Thread Group 1-17
2025-10-18 09:36:42,835 INFO o.a.j.t.JMeterThread: Thread finished: Thread Group 1-17
2025-10-18 09:36:43,112 INFO o.a.j.t.JMeterThread: Thread started: Thread Group 1-18
2025-10-18 09:36:43,112 INFO o.a.j.t.JMeterThread: Thread is done: Thread Group 1-18
2025-10-18 09:36:43,112 INFO o.a.j.t.JMeterThread: Thread finished: Thread Group 1-18
2025-10-18 09:36:43,112 INFO o.a.j.e.StandardJMeterEngine: Notifying test listeners of end of test
2025-10-18 09:36:43,112 INFO o.a.j.g.u.JMeterMenuBar: setRunning(false, *local*)
2025-10-18 09:37:06,056 INFO o.a.j.e.StandardJMeterEngine: Running the test!
2025-10-18 09:37:06,056 INFO o.a.j.s.SampleEvent: List of sample_variables: []
2025-10-18 09:37:06,056 INFO o.a.j.g.u.JMeterMenuBar: setRunning(true, *local*)
2025-10-18 09:37:06,083 INFO o.a.j.e.StandardJMeterEngine: Starting ThreadGroup: 1 : Thread Group
2025-10-18 09:37:06,083 INFO o.a.j.e.StandardJMeterEngine: Starting 18 threads for group Thread Group.
2025-10-18 09:37:06,083 INFO o.a.j.e.StandardJMeterEngine: Thread will continue on error
2025-10-18 09:37:06,083 INFO o.a.j.t.ThreadGroup: Starting thread group... number=1 threads=18 ramp-up=5 delayedStart=false
2025-10-18 09:37:06,083 INFO o.a.j.t.JMeterThread: Thread started: Thread Group 1-1
2025-10-18 09:37:06,084 INFO o.a.j.t.JMeterThread: Thread is done: Thread Group 1-1
2025-10-18 09:37:06,084 INFO o.a.j.t.JMeterThread: Thread finished: Thread Group 1-1
2025-10-18 09:37:06,084 INFO o.a.j.t.ThreadGroup: Started thread group number 1
2025-10-18 09:37:06,084 INFO o.a.j.e.StandardJMeterEngine: All thread groups have been started
2025-10-18 09:37:06,362 INFO o.a.j.t.JMeterThread: Thread started: Thread Group 1-2
2025-10-18 09:37:06,364 INFO o.a.j.t.JMeterThread: Thread is done: Thread Group 1-2
2025-10-18 09:37:06,364 INFO o.a.j.t.JMeterThread: Thread finished: Thread Group 1-2
2025-10-18 09:37:06,641 INFO o.a.j.t.JMeterThread: Thread started: Thread Group 1-3
2025-10-18 09:37:06,641 INFO o.a.j.t.JMeterThread: Thread is done: Thread Group 1-3
2025-10-18 09:37:06,641 INFO o.a.j.t.JMeterThread: Thread finished: Thread Group 1-3
2025-10-18 09:37:06,919 INFO o.a.j.t.JMeterThread: Thread started: Thread Group 1-4
2025-10-18 09:37:06,919 INFO o.a.j.t.JMeterThread: Thread is done: Thread Group 1-4
2025-10-18 09:37:06,920 INFO o.a.j.t.JMeterThread: Thread finished: Thread Group 1-4
2025-10-18 09:37:07,197 INFO o.a.j.t.JMeterThread: Thread started: Thread Group 1-5
2025-10-18 09:37:07,197 INFO o.a.j.t.JMeterThread: Thread is done: Thread Group 1-5
2025-10-18 09:37:07,197 INFO o.a.j.t.JMeterThread: Thread finished: Thread Group 1-5
2025-10-18 09:37:07,474 INFO o.a.j.t.JMeterThread: Thread started: Thread Group 1-6
2025-10-18 09:37:07,474 INFO o.a.j.t.JMeterThread: Thread is done: Thread Group 1-6
2025-10-18 09:37:07,474 INFO o.a.j.t.JMeterThread: Thread finished: Thread Group 1-6
2025-10-18 09:37:07,753 INFO o.a.j.t.JMeterThread: Thread started: Thread Group 1-7
2025-10-18 09:37:07,754 INFO o.a.j.t.JMeterThread: Thread is done: Thread Group 1-7
2025-10-18 09:37:07,754 INFO o.a.j.t.JMeterThread: Thread finished: Thread Group 1-7
2025-10-18 09:37:08,031 INFO o.a.j.t.JMeterThread: Thread started: Thread Group 1-8
2025-10-18 09:37:08,031 INFO o.a.j.t.JMeterThread: Thread is done: Thread Group 1-8
2025-10-18 09:37:08,031 INFO o.a.j.t.JMeterThread: Thread finished: Thread Group 1-8
2025-10-18 09:37:08,307 INFO o.a.j.t.JMeterThread: Thread started: Thread Group 1-9
2025-10-18 09:37:08,307 INFO o.a.j.t.JMeterThread: Thread is done: Thread Group 1-9
2025-10-18 09:37:08,308 INFO o.a.j.t.JMeterThread: Thread finished: Thread Group 1-9
2025-10-18 09:37:08,586 INFO o.a.j.t.JMeterThread: Thread started: Thread Group 1-10
2025-10-18 09:37:08,586 INFO o.a.j.t.JMeterThread: Thread is done: Thread Group 1-10
2025-10-18 09:37:08,586 INFO o.a.j.t.JMeterThread: Thread finished: Thread Group 1-10
2025-10-18 09:37:08,863 INFO o.a.j.t.JMeterThread: Thread started: Thread Group 1-11
2025-10-18 09:37:08,863 INFO o.a.j.t.JMeterThread: Thread is done: Thread Group 1-11
2025-10-18 09:37:08,863 INFO o.a.j.t.JMeterThread: Thread finished: Thread Group 1-11
2025-10-18 09:37:09,142 INFO o.a.j.t.JMeterThread: Thread started: Thread Group 1-12
2025-10-18 09:37:09,142 INFO o.a.j.t.JMeterThread: Thread is done: Thread Group 1-12
2025-10-18 09:37:09,142 INFO o.a.j.t.JMeterThread: Thread finished: Thread Group 1-12
2025-10-18 09:37:09,421 INFO o.a.j.t.JMeterThread: Thread started: Thread Group 1-13
2025-10-18 09:37:09,421 INFO o.a.j.t.JMeterThread: Thread is done: Thread Group 1-13
2025-10-18 09:37:09,421 INFO o.a.j.t.JMeterThread: Thread finished: Thread Group 1-13
2025-10-18 09:37:09,699 INFO o.a.j.t.JMeterThread: Thread started: Thread Group 1-14
2025-10-18 09:37:09,699 INFO o.a.j.t.JMeterThread: Thread is done: Thread Group 1-14
2025-10-18 09:37:09,699 INFO o.a.j.t.JMeterThread: Thread finished: Thread Group 1-14
2025-10-18 09:37:09,976 INFO o.a.j.t.JMeterThread: Thread started: Thread Group 1-15
2025-10-18 09:37:09,976 INFO o.a.j.t.JMeterThread: Thread is done: Thread Group 1-15
2025-10-18 09:37:09,976 INFO o.a.j.t.JMeterThread: Thread finished: Thread Group 1-15
2025-10-18 09:37:10,255 INFO o.a.j.t.JMeterThread: Thread started: Thread Group 1-16
2025-10-18 09:37:10,255 INFO o.a.j.t.JMeterThread: Thread is done: Thread Group 1-16
2025-10-18 09:37:10,255 INFO o.a.j.t.JMeterThread: Thread finished: Thread Group 1-16
2025-10-18 09:37:10,533 INFO o.a.j.t.JMeterThread: Thread started: Thread Group 1-17
2025-10-18 09:37:10,533 INFO o.a.j.t.JMeterThread: Thread is done: Thread Group 1-17
2025-10-18 09:37:10,533 INFO o.a.j.t.JMeterThread: Thread finished: Thread Group 1-17
2025-10-18 09:37:10,812 INFO o.a.j.t.JMeterThread: Thread started: Thread Group 1-18
2025-10-18 09:37:10,812 INFO o.a.j.t.JMeterThread: Thread is done: Thread Group 1-18
2025-10-18 09:37:10,812 INFO o.a.j.t.JMeterThread: Thread finished: Thread Group 1-18
2025-10-18 09:37:10,812 INFO o.a.j.e.StandardJMeterEngine: Notifying test listeners of end of test
2025-10-18 09:37:10,812 INFO o.a.j.g.u.JMeterMenuBar: setRunning(false, *local*)
2025-10-18 09:37:22,858 INFO o.a.j.e.StandardJMeterEngine: Running the test!
2025-10-18 09:37:22,858 INFO o.a.j.s.SampleEvent: List of sample_variables: []
2025-10-18 09:37:22,858 INFO o.a.j.g.u.JMeterMenuBar: setRunning(true, *local*)
2025-10-18 09:37:22,884 INFO o.a.j.e.StandardJMeterEngine: Starting ThreadGroup: 1 : Thread Group
2025-10-18 09:37:22,884 INFO o.a.j.e.StandardJMeterEngine: Starting 18 threads for group Thread Group.
2025-10-18 09:37:22,884 INFO o.a.j.e.StandardJMeterEngine: Thread will continue on error
2025-10-18 09:37:22,884 INFO o.a.j.t.ThreadGroup: Starting thread group... number=1 threads=18 ramp-up=5 delayedStart=false
2025-10-18 09:37:22,884 INFO o.a.j.t.JMeterThread: Thread started: Thread Group 1-1
2025-10-18 09:37:22,885 INFO o.a.j.t.JMeterThread: Thread is done: Thread Group 1-1
2025-10-18 09:37:22,885 INFO o.a.j.t.JMeterThread: Thread finished: Thread Group 1-1
2025-10-18 09:37:22,886 INFO o.a.j.t.ThreadGroup: Started thread group number 1
2025-10-18 09:37:22,886 INFO o.a.j.e.StandardJMeterEngine: All thread groups have been started
2025-10-18 09:37:23,163 INFO o.a.j.t.JMeterThread: Thread started: Thread Group 1-2
2025-10-18 09:37:23,163 INFO o.a.j.t.JMeterThread: Thread is done: Thread Group 1-2
2025-10-18 09:37:23,163 INFO o.a.j.t.JMeterThread: Thread finished: Thread Group 1-2
2025-10-18 09:37:23,442 INFO o.a.j.t.JMeterThread: Thread started: Thread Group 1-3
2025-10-18 09:37:23,442 INFO o.a.j.t.JMeterThread: Thread is done: Thread Group 1-3
2025-10-18 09:37:23,443 INFO o.a.j.t.JMeterThread: Thread finished: Thread Group 1-3
2025-10-18 09:37:23,719 INFO o.a.j.t.JMeterThread: Thread started: Thread Group 1-4
2025-10-18 09:37:23,720 INFO o.a.j.t.JMeterThread: Thread is done: Thread Group 1-4
2025-10-18 09:37:23,720 INFO o.a.j.t.JMeterThread: Thread finished: Thread Group 1-4
2025-10-18 09:37:23,998 INFO o.a.j.t.JMeterThread: Thread started: Thread Group 1-5
2025-10-18 09:37:23,998 INFO o.a.j.t.JMeterThread: Thread is done: Thread Group 1-5
2025-10-18 09:37:23,998 INFO o.a.j.t.JMeterThread: Thread finished: Thread Group 1-5
2025-10-18 09:37:24,276 INFO o.a.j.t.JMeterThread: Thread started: Thread Group 1-6
2025-10-18 09:37:24,276 INFO o.a.j.t.JMeterThread: Thread is done: Thread Group 1-6
2025-10-18 09:37:24,276 INFO o.a.j.t.JMeterThread: Thread finished: Thread Group 1-6
2025-10-18 09:37:24,554 INFO o.a.j.t.JMeterThread: Thread started: Thread Group 1-7
2025-10-18 09:37:24,554 INFO o.a.j.t.JMeterThread: Thread is done: Thread Group 1-7
2025-10-18 09:37:24,554 INFO o.a.j.t.JMeterThread: Thread finished: Thread Group 1-7
2025-10-18 09:37:24,830 INFO o.a.j.t.JMeterThread: Thread started: Thread Group 1-8
2025-10-18 09:37:24,830 INFO o.a.j.t.JMeterThread: Thread is done: Thread Group 1-8
2025-10-18 09:37:24,830 INFO o.a.j.t.JMeterThread: Thread finished: Thread Group 1-8
2025-10-18 09:37:25,108 INFO o.a.j.t.JMeterThread: Thread started: Thread Group 1-9
2025-10-18 09:37:25,108 INFO o.a.j.t.JMeterThread: Thread is done: Thread Group 1-9
2025-10-18 09:37:25,108 INFO o.a.j.t.JMeterThread: Thread finished: Thread Group 1-9
2025-10-18 09:37:25,399 INFO o.a.j.t.JMeterThread: Thread started: Thread Group 1-10
2025-10-18 09:37:25,399 INFO o.a.j.t.JMeterThread: Thread is done: Thread Group 1-10
2025-10-18 09:37:25,399 INFO o.a.j.t.JMeterThread: Thread finished: Thread Group 1-10
2025-10-18 09:37:25,665 INFO o.a.j.t.JMeterThread: Thread started: Thread Group 1-11
2025-10-18 09:37:25,665 INFO o.a.j.t.JMeterThread: Thread is done: Thread Group 1-11
2025-10-18 09:37:25,666 INFO o.a.j.t.JMeterThread: Thread finished: Thread Group 1-11
2025-10-18 09:37:25,943 INFO o.a.j.t.JMeterThread: Thread started: Thread Group 1-12
2025-10-18 09:37:25,943 INFO o.a.j.t.JMeterThread: Thread is done: Thread Group 1-12
2025-10-18 09:37:25,944 INFO o.a.j.t.JMeterThread: Thread finished: Thread Group 1-12
2025-10-18 09:37:26,220 INFO o.a.j.t.JMeterThread: Thread started: Thread Group 1-13
2025-10-18 09:37:26,220 INFO o.a.j.t.JMeterThread: Thread is done: Thread Group 1-13
2025-10-18 09:37:26,220 INFO o.a.j.t.JMeterThread: Thread finished: Thread Group 1-13
2025-10-18 09:37:26,499 INFO o.a.j.t.JMeterThread: Thread started: Thread Group 1-14
2025-10-18 09:37:26,499 INFO o.a.j.t.JMeterThread: Thread is done: Thread Group 1-14
2025-10-18 09:37:26,499 INFO o.a.j.t.JMeterThread: Thread finished: Thread Group 1-14
2025-10-18 09:37:26,776 INFO o.a.j.t.JMeterThread: Thread started: Thread Group 1-15
2025-10-18 09:37:26,776 INFO o.a.j.t.JMeterThread: Thread is done: Thread Group 1-15
2025-10-18 09:37:26,776 INFO o.a.j.t.JMeterThread: Thread finished: Thread Group 1-15
2025-10-18 09:37:27,055 INFO o.a.j.t.JMeterThread: Thread started: Thread Group 1-16
2025-10-18 09:37:27,055 INFO o.a.j.t.JMeterThread: Thread is done: Thread Group 1-16
2025-10-18 09:37:27,055 INFO o.a.j.t.JMeterThread: Thread finished: Thread Group 1-16
2025-10-18 09:37:27,333 INFO o.a.j.t.JMeterThread: Thread started: Thread Group 1-17
2025-10-18 09:37:27,333 INFO o.a.j.t.JMeterThread: Thread is done: Thread Group 1-17
2025-10-18 09:37:27,333 INFO o.a.j.t.JMeterThread: Thread finished: Thread Group 1-17
2025-10-18 09:37:27,611 INFO o.a.j.t.JMeterThread: Thread started: Thread Group 1-18
2025-10-18 09:37:27,611 INFO o.a.j.t.JMeterThread: Thread is done: Thread Group 1-18
2025-10-18 09:37:27,611 INFO o.a.j.t.JMeterThread: Thread finished: Thread Group 1-18
2025-10-18 09:37:27,611 INFO o.a.j.e.StandardJMeterEngine: Notifying test listeners of end of test
2025-10-18 09:37:27,611 INFO o.a.j.g.u.JMeterMenuBar: setRunning(false, *local*)
